T8012003b.java:30:9: compiler.err.prob.found.req: (compiler.misc.invalid.mref: kindname.method, (compiler.misc.cant.apply.symbol: kindname.method, g, java.lang.String, compiler.misc.no.args, kindname.class, T8012003b, (compiler.misc.arg.length.mismatch)))
T8012003b.java:31:9: compiler.err.prob.found.req: (compiler.misc.stat.expr.expected)
T8012003b.java:32:9: compiler.err.prob.found.req: (compiler.misc.incompatible.ret.type.in.lambda: (compiler.misc.conditional.target.cant.be.void))
T8012003b.java:33:9: compiler.err.prob.found.req: (compiler.misc.invalid.mref: kindname.method, (compiler.misc.prob.found.req: (compiler.misc.inconvertible.types: java.lang.Integer, java.lang.String)))
T8012003b.java:34:9: compiler.err.prob.found.req: (compiler.misc.incompatible.ret.type.in.mref: (compiler.misc.inconvertible.types: java.lang.String, java.lang.Integer))
T8012003b.java:35:12: compiler.err.invalid.mref: kindname.method, (compiler.misc.cant.resolve.location.args: kindname.method, k, , java.lang.String, (compiler.misc.location: kindname.class, T8012003b, null))
- compiler.note.compressed.diags
6 errors
