T8020286.java:12:8: compiler.err.prob.found.req: (compiler.misc.inconvertible.types: int, java.lang.String)
T8020286.java:13:8: compiler.err.prob.found.req: (compiler.misc.inconvertible.types: int, java.lang.String)
- compiler.note.compressed.diags
2 errors
