DiagnosticRewriterTest.java:12:13: compiler.err.prob.found.req: (compiler.misc.possible.loss.of.precision: long, int)
- compiler.note.compressed.diags
1 error
